#
# There is insufficient memory for the Java Runtime Environment to continue.
# Native memory allocation (malloc) failed to allocate 168176 bytes. Error detail: Chunk::new
# Possible reasons:
#   The system is out of physical RAM or swap space
#   This process is running with CompressedOops enabled, and the Java Heap may be blocking the growth of the native heap
# Possible solutions:
#   Reduce memory load on the system
#   Increase physical memory or swap space
#   Check if swap backing store is full
#   Decrease Java heap size (-Xmx/-Xms)
#   Decrease number of Java threads
#   Decrease Java thread stack sizes (-Xss)
#   Set larger code cache with -XX:ReservedCodeCacheSize=
#   JVM is running with Unscaled Compressed Oops mode in which the Java heap is
#     placed in the first 4GB address space. The Java Heap base address is the
#     maximum limit for the native heap growth. Please use -XX:HeapBaseMinAddress
#     to set the Java Heap base and to place the Java Heap above 4GB virtual address.
# This output file may be truncated or incomplete.
#
#  Out of Memory Error (arena.cpp:191), pid=8776, tid=7672
#
# JRE version: OpenJDK Runtime Environment Microsoft-11926163 (17.0.16+8) (build 17.0.16+8-LTS)
# Java VM: OpenJDK 64-Bit Server VM Microsoft-11926163 (17.0.16+8-LTS, mixed mode, sharing, tiered, compressed oops, compressed class ptrs, g1 gc, windows-amd64)
# No core dump will be written. Minidumps are not enabled by default on client versions of Windows
#

---------------  S U M M A R Y ------------

Command Line: -Xmx64m -Xms64m -Dorg.gradle.appname=gradlew E:\The Last Hope ERS\THELASTHOPE_ERS\android\\gradle\wrapper\gradle-wrapper.jar app:installDebug -PreactNativeDevServerPort=8081

Host: Intel(R) Core(TM) i7-3540M CPU @ 3.00GHz, 4 cores, 3G,  Windows 10 , 64 bit Build 19041 (10.0.19041.5915)
Time: Sat Nov  1 23:02:24 2025 Pakistan Standard Time elapsed time: 335.155392 seconds (0d 0h 5m 35s)

---------------  T H R E A D  ---------------

Current thread (0x00000210a420e6c0):  JavaThread "C2 CompilerThread0" daemon [_thread_in_native, id=7672, stack(0x000000846b100000,0x000000846b200000)]


Current CompileTask:
C2: 335159 2045       4       org.gradle.internal.logging.sink.GroupingProgressLogEventGenerator::onUpdateNow (54 bytes)

Stack: [0x000000846b100000,0x000000846b200000]
Native frames: (J=compiled Java code, j=interpreted, Vv=VM code, C=native code)
V  [jvm.dll+0x68ee19]
V  [jvm.dll+0x846249]
V  [jvm.dll+0x847fb8]
V  [jvm.dll+0x848643]
V  [jvm.dll+0x24cf6f]
V  [jvm.dll+0xaecb6]
V  [jvm.dll+0xaf35c]
V  [jvm.dll+0x2b4baf]
V  [jvm.dll+0x594a14]
V  [jvm.dll+0x226d84]
V  [jvm.dll+0x21f785]
V  [jvm.dll+0x21d260]
V  [jvm.dll+0x1a8ce6]
V  [jvm.dll+0x22db1b]
V  [jvm.dll+0x22bca6]
V  [jvm.dll+0x7fba9b]
V  [jvm.dll+0x7f5e9c]
V  [jvm.dll+0x68dd27]
C  [ucrtbase.dll+0x21bb2]
C  [KERNEL32.DLL+0x17374]
C  [ntdll.dll+0x4cc91]


---------------  P R O C E S S  ---------------

Threads class SMR info:
_java_thread_list=0x00000210ff487020, length=13, elements={
0x00000210a201dc40, 0x00000210a41e7470, 0x00000210a41e82f0, 0x00000210a41fce20,
0x00000210a4201ad0, 0x00000210a4205e50, 0x00000210a4204500, 0x00000210a420e6c0,
0x00000210bd336460, 0x00000210a4206870, 0x00000210a4207290, 0x00000210a4204a10,
0x00000210a4204f20
}

Java Threads: ( => current thread )
  0x00000210a201dc40 JavaThread "main" [_thread_in_native, id=16312, stack(0x000000846a400000,0x000000846a500000)]
  0x00000210a41e7470 JavaThread "Reference Handler" daemon [_thread_blocked, id=7028, stack(0x000000846ab00000,0x000000846ac00000)]
  0x00000210a41e82f0 JavaThread "Finalizer" daemon [_thread_blocked, id=11644, stack(0x000000846ac00000,0x000000846ad00000)]
  0x00000210a41fce20 JavaThread "Signal Dispatcher" daemon [_thread_blocked, id=11240, stack(0x000000846ad00000,0x000000846ae00000)]
  0x00000210a4201ad0 JavaThread "Attach Listener" daemon [_thread_blocked, id=3144, stack(0x000000846ae00000,0x000000846af00000)]
  0x00000210a4205e50 JavaThread "Service Thread" daemon [_thread_blocked, id=11004, stack(0x000000846af00000,0x000000846b000000)]
  0x00000210a4204500 JavaThread "Monitor Deflation Thread" daemon [_thread_blocked, id=3292, stack(0x000000846b000000,0x000000846b100000)]
=>0x00000210a420e6c0 JavaThread "C2 CompilerThread0" daemon [_thread_in_native, id=7672, stack(0x000000846b100000,0x000000846b200000)]
  0x00000210bd336460 JavaThread "C1 CompilerThread0" daemon [_thread_blocked, id=15692, stack(0x000000846b200000,0x000000846b300000)]
  0x00000210a4206870 JavaThread "Sweeper thread" daemon [_thread_blocked, id=9636, stack(0x000000846b300000,0x000000846b400000)]
  0x00000210a4207290 JavaThread "Notification Thread" daemon [_thread_blocked, id=6324, stack(0x000000846b400000,0x000000846b500000)]
  0x00000210a4204a10 JavaThread "Common-Cleaner" daemon [_thread_blocked, id=10928, stack(0x000000846b600000,0x000000846b700000)]
  0x00000210a4204f20 JavaThread "pool-1-thread-1" [_thread_blocked, id=11452, stack(0x000000846ba00000,0x000000846bb00000)]

Other Threads:
  0x00000210a41e2110 VMThread "VM Thread" [stack: 0x000000846aa00000,0x000000846ab00000] [id=7556]
  0x00000210bd467820 WatcherThread [stack: 0x000000846b500000,0x000000846b600000] [id=11948]
  0x00000210a4173130 GCTaskThread "GC Thread#0" [stack: 0x000000846a500000,0x000000846a600000] [id=15920]
  0x00000210bd5a0ac0 GCTaskThread "GC Thread#1" [stack: 0x000000846b700000,0x000000846b800000] [id=14940]
  0x00000210bd5d0b00 GCTaskThread "GC Thread#2" [stack: 0x000000846b800000,0x000000846b900000] [id=7160]
  0x00000210bd5d0dc0 GCTaskThread "GC Thread#3" [stack: 0x000000846b900000,0x000000846ba00000] [id=6476]
  0x00000210a4176030 ConcurrentGCThread "G1 Main Marker" [stack: 0x000000846a600000,0x000000846a700000] [id=12276]
  0x00000210a4176a50 ConcurrentGCThread "G1 Conc#0" [stack: 0x000000846a700000,0x000000846a800000] [id=8484]
  0x00000210a41c6510 ConcurrentGCThread "G1 Refine#0" [stack: 0x000000846a800000,0x000000846a900000] [id=5084]
  0x00000210a41c6f40 ConcurrentGCThread "G1 Service" [stack: 0x000000846a900000,0x000000846aa00000] [id=11504]

Threads with active compile tasks:
C2 CompilerThread0   335314 2045       4       org.gradle.internal.logging.sink.GroupingProgressLogEventGenerator::onUpdateNow (54 bytes)

VM state: not at safepoint (normal execution)

VM Mutex/Monitor currently owned by a thread: None

Heap address: 0x00000000fc000000, size: 64 MB, Compressed Oops mode: 32-bit

CDS archive(s) mapped at: [0x00000210be000000-0x00000210bebb0000-0x00000210bebb0000), size 12255232, SharedBaseAddress: 0x00000210be000000, ArchiveRelocationMode: 1.
Compressed class space mapped at: 0x00000210bf000000-0x00000210ff000000, reserved size: 1073741824
Narrow klass base: 0x00000210be000000, Narrow klass shift: 0, Narrow klass range: 0x100000000

GC Precious Log:
 CPUs: 4 total, 4 available
 Memory: 3998M
 Large Page Support: Disabled
 NUMA Support: Disabled
 Compressed Oops: Enabled (32-bit)
 Heap Region Size: 1M
 Heap Min Capacity: 64M
 Heap Initial Capacity: 64M
 Heap Max Capacity: 64M
 Pre-touch: Disabled
 Parallel Workers: 4
 Concurrent Workers: 1
 Concurrent Refinement Workers: 4
 Periodic GC: Disabled

Heap:
 garbage-first heap   total 65536K, used 12310K [0x00000000fc000000, 0x0000000100000000)
  region size 1024K, 6 young (6144K), 5 survivors (5120K)
 Metaspace       used 10428K, committed 10624K, reserved 1114112K
  class space    used 1337K, committed 1408K, reserved 1048576K

Heap Regions: E=young(eden), S=young(survivor), O=old, HS=humongous(starts), HC=humongous(continues), CS=collection set, F=free, OA=open archive, CA=closed archive, TAMS=top-at-mark-start (previous, next)
|   0|0x00000000fc000000, 0x00000000fc100000, 0x00000000fc100000|100%|HS|  |TAMS 0x00000000fc000000, 0x00000000fc000000| Complete 
|   1|0x00000000fc100000, 0x00000000fc200000, 0x00000000fc200000|100%|HC|  |TAMS 0x00000000fc100000, 0x00000000fc100000| Complete 
|   2|0x00000000fc200000, 0x00000000fc300000, 0x00000000fc300000|100%|HC|  |TAMS 0x00000000fc200000, 0x00000000fc200000| Complete 
|   3|0x00000000fc300000, 0x00000000fc400000, 0x00000000fc400000|100%| O|  |TAMS 0x00000000fc300000, 0x00000000fc300000| Untracked 
|   4|0x00000000fc400000, 0x00000000fc500000, 0x00000000fc500000|100%| O|  |TAMS 0x00000000fc400000, 0x00000000fc400000| Untracked 
|   5|0x00000000fc500000, 0x00000000fc600000, 0x00000000fc600000|100%| O|  |TAMS 0x00000000fc500000, 0x00000000fc500000| Untracked 
|   6|0x00000000fc600000, 0x00000000fc700000, 0x00000000fc700000|100%| O|  |TAMS 0x00000000fc600000, 0x00000000fc600000| Untracked 
|   7|0x00000000fc700000, 0x00000000fc705a00, 0x00000000fc800000|  2%| O|  |TAMS 0x00000000fc700000, 0x00000000fc700000| Untracked 
|   8|0x00000000fc800000, 0x00000000fc800000, 0x00000000fc900000|  0%| F|  |TAMS 0x00000000fc800000, 0x00000000fc800000| Untracked 
|   9|0x00000000fc900000, 0x00000000fc900000, 0x00000000fca00000|  0%| F|  |TAMS 0x00000000fc900000, 0x00000000fc900000| Untracked 
|  10|0x00000000fca00000, 0x00000000fca00000, 0x00000000fcb00000|  0%| F|  |TAMS 0x00000000fca00000, 0x00000000fca00000| Untracked 
|  11|0x00000000fcb00000, 0x00000000fcb00000, 0x00000000fcc00000|  0%| F|  |TAMS 0x00000000fcb00000, 0x00000000fcb00000| Untracked 
|  12|0x00000000fcc00000, 0x00000000fcc00000, 0x00000000fcd00000|  0%| F|  |TAMS 0x00000000fcc00000, 0x00000000fcc00000| Untracked 
|  13|0x00000000fcd00000, 0x00000000fcd00000, 0x00000000fce00000|  0%| F|  |TAMS 0x00000000fcd00000, 0x00000000fcd00000| Untracked 
|  14|0x00000000fce00000, 0x00000000fce00000, 0x00000000fcf00000|  0%| F|  |TAMS 0x00000000fce00000, 0x00000000fce00000| Untracked 
|  15|0x00000000fcf00000, 0x00000000fcf00000, 0x00000000fd000000|  0%| F|  |TAMS 0x00000000fcf00000, 0x00000000fcf00000| Untracked 
|  16|0x00000000fd000000, 0x00000000fd000000, 0x00000000fd100000|  0%| F|  |TAMS 0x00000000fd000000, 0x00000000fd000000| Untracked 
|  17|0x00000000fd100000, 0x00000000fd100000, 0x00000000fd200000|  0%| F|  |TAMS 0x00000000fd100000, 0x00000000fd100000| Untracked 
|  18|0x00000000fd200000, 0x00000000fd200000, 0x00000000fd300000|  0%| F|  |TAMS 0x00000000fd200000, 0x00000000fd200000| Untracked 
|  19|0x00000000fd300000, 0x00000000fd300000, 0x00000000fd400000|  0%| F|  |TAMS 0x00000000fd300000, 0x00000000fd300000| Untracked 
|  20|0x00000000fd400000, 0x00000000fd400000, 0x00000000fd500000|  0%| F|  |TAMS 0x00000000fd400000, 0x00000000fd400000| Untracked 
|  21|0x00000000fd500000, 0x00000000fd600000, 0x00000000fd600000|100%| S|CS|TAMS 0x00000000fd500000, 0x00000000fd500000| Complete 
|  22|0x00000000fd600000, 0x00000000fd700000, 0x00000000fd700000|100%| S|CS|TAMS 0x00000000fd600000, 0x00000000fd600000| Complete 
|  23|0x00000000fd700000, 0x00000000fd800000, 0x00000000fd800000|100%| S|CS|TAMS 0x00000000fd700000, 0x00000000fd700000| Complete 
|  24|0x00000000fd800000, 0x00000000fd900000, 0x00000000fd900000|100%| S|CS|TAMS 0x00000000fd800000, 0x00000000fd800000| Complete 
|  25|0x00000000fd900000, 0x00000000fda00000, 0x00000000fda00000|100%| S|CS|TAMS 0x00000000fd900000, 0x00000000fd900000| Complete 
|  26|0x00000000fda00000, 0x00000000fda00000, 0x00000000fdb00000|  0%| F|  |TAMS 0x00000000fda00000, 0x00000000fda00000| Untracked 
|  27|0x00000000fdb00000, 0x00000000fdb00000, 0x00000000fdc00000|  0%| F|  |TAMS 0x00000000fdb00000, 0x00000000fdb00000| Untracked 
|  28|0x00000000fdc00000, 0x00000000fdc00000, 0x00000000fdd00000|  0%| F|  |TAMS 0x00000000fdc00000, 0x00000000fdc00000| Untracked 
|  29|0x00000000fdd00000, 0x00000000fdd00000, 0x00000000fde00000|  0%| F|  |TAMS 0x00000000fdd00000, 0x00000000fdd00000| Untracked 
|  30|0x00000000fde00000, 0x00000000fde00000, 0x00000000fdf00000|  0%| F|  |TAMS 0x00000000fde00000, 0x00000000fde00000| Untracked 
|  31|0x00000000fdf00000, 0x00000000fdf00000, 0x00000000fe000000|  0%| F|  |TAMS 0x00000000fdf00000, 0x00000000fdf00000| Untracked 
|  32|0x00000000fe000000, 0x00000000fe000000, 0x00000000fe100000|  0%| F|  |TAMS 0x00000000fe000000, 0x00000000fe000000| Untracked 
|  33|0x00000000fe100000, 0x00000000fe100000, 0x00000000fe200000|  0%| F|  |TAMS 0x00000000fe100000, 0x00000000fe100000| Untracked 
|  34|0x00000000fe200000, 0x00000000fe200000, 0x00000000fe300000|  0%| F|  |TAMS 0x00000000fe200000, 0x00000000fe200000| Untracked 
|  35|0x00000000fe300000, 0x00000000fe300000, 0x00000000fe400000|  0%| F|  |TAMS 0x00000000fe300000, 0x00000000fe300000| Untracked 
|  36|0x00000000fe400000, 0x00000000fe400000, 0x00000000fe500000|  0%| F|  |TAMS 0x00000000fe400000, 0x00000000fe400000| Untracked 
|  37|0x00000000fe500000, 0x00000000fe500000, 0x00000000fe600000|  0%| F|  |TAMS 0x00000000fe500000, 0x00000000fe500000| Untracked 
|  38|0x00000000fe600000, 0x00000000fe600000, 0x00000000fe700000|  0%| F|  |TAMS 0x00000000fe600000, 0x00000000fe600000| Untracked 
|  39|0x00000000fe700000, 0x00000000fe700000, 0x00000000fe800000|  0%| F|  |TAMS 0x00000000fe700000, 0x00000000fe700000| Untracked 
|  40|0x00000000fe800000, 0x00000000fe800000, 0x00000000fe900000|  0%| F|  |TAMS 0x00000000fe800000, 0x00000000fe800000| Untracked 
|  41|0x00000000fe900000, 0x00000000fe900000, 0x00000000fea00000|  0%| F|  |TAMS 0x00000000fe900000, 0x00000000fe900000| Untracked 
|  42|0x00000000fea00000, 0x00000000fea00000, 0x00000000feb00000|  0%| F|  |TAMS 0x00000000fea00000, 0x00000000fea00000| Untracked 
|  43|0x00000000feb00000, 0x00000000feb00000, 0x00000000fec00000|  0%| F|  |TAMS 0x00000000feb00000, 0x00000000feb00000| Untracked 
|  44|0x00000000fec00000, 0x00000000fec00000, 0x00000000fed00000|  0%| F|  |TAMS 0x00000000fec00000, 0x00000000fec00000| Untracked 
|  45|0x00000000fed00000, 0x00000000fed00000, 0x00000000fee00000|  0%| F|  |TAMS 0x00000000fed00000, 0x00000000fed00000| Untracked 
|  46|0x00000000fee00000, 0x00000000fee00000, 0x00000000fef00000|  0%| F|  |TAMS 0x00000000fee00000, 0x00000000fee00000| Untracked 
|  47|0x00000000fef00000, 0x00000000fef00000, 0x00000000ff000000|  0%| F|  |TAMS 0x00000000fef00000, 0x00000000fef00000| Untracked 
|  48|0x00000000ff000000, 0x00000000ff000000, 0x00000000ff100000|  0%| F|  |TAMS 0x00000000ff000000, 0x00000000ff000000| Untracked 
|  49|0x00000000ff100000, 0x00000000ff100000, 0x00000000ff200000|  0%| F|  |TAMS 0x00000000ff100000, 0x00000000ff100000| Untracked 
|  50|0x00000000ff200000, 0x00000000ff200000, 0x00000000ff300000|  0%| F|  |TAMS 0x00000000ff200000, 0x00000000ff200000| Untracked 
|  51|0x00000000ff300000, 0x00000000ff300000, 0x00000000ff400000|  0%| F|  |TAMS 0x00000000ff300000, 0x00000000ff300000| Untracked 
|  52|0x00000000ff400000, 0x00000000ff400000, 0x00000000ff500000|  0%| F|  |TAMS 0x00000000ff400000, 0x00000000ff400000| Untracked 
|  53|0x00000000ff500000, 0x00000000ff500000, 0x00000000ff600000|  0%| F|  |TAMS 0x00000000ff500000, 0x00000000ff500000| Untracked 
|  54|0x00000000ff600000, 0x00000000ff600000, 0x00000000ff700000|  0%| F|  |TAMS 0x00000000ff600000, 0x00000000ff600000| Untracked 
|  55|0x00000000ff700000, 0x00000000ff700000, 0x00000000ff800000|  0%| F|  |TAMS 0x00000000ff700000, 0x00000000ff700000| Untracked 
|  56|0x00000000ff800000, 0x00000000ff800000, 0x00000000ff900000|  0%| F|  |TAMS 0x00000000ff800000, 0x00000000ff800000| Untracked 
|  57|0x00000000ff900000, 0x00000000ff900000, 0x00000000ffa00000|  0%| F|  |TAMS 0x00000000ff900000, 0x00000000ff900000| Untracked 
|  58|0x00000000ffa00000, 0x00000000ffa00000, 0x00000000ffb00000|  0%| F|  |TAMS 0x00000000ffa00000, 0x00000000ffa00000| Untracked 
|  59|0x00000000ffb00000, 0x00000000ffb00000, 0x00000000ffc00000|  0%| F|  |TAMS 0x00000000ffb00000, 0x00000000ffb00000| Untracked 
|  60|0x00000000ffc00000, 0x00000000ffc00000, 0x00000000ffd00000|  0%| F|  |TAMS 0x00000000ffc00000, 0x00000000ffc00000| Untracked 
|  61|0x00000000ffd00000, 0x00000000ffd00000, 0x00000000ffe00000|  0%| F|  |TAMS 0x00000000ffd00000, 0x00000000ffd00000| Untracked 
|  62|0x00000000ffe00000, 0x00000000ffe00000, 0x00000000fff00000|  0%| F|  |TAMS 0x00000000ffe00000, 0x00000000ffe00000| Untracked 
|  63|0x00000000fff00000, 0x00000000ffff1158, 0x0000000100000000| 94%| E|  |TAMS 0x00000000fff00000, 0x00000000fff00000| Complete 

Card table byte_map: [0x00000210a3f90000,0x00000210a3fb0000] _byte_map_base: 0x00000210a37b0000

Marking Bits (Prev, Next): (CMBitMap*) 0x00000210a4173750, (CMBitMap*) 0x00000210a4173790
 Prev Bits: [0x00000210a3fd0000, 0x00000210a40d0000)
 Next Bits: [0x00000210bacb0000, 0x00000210badb0000)

Polling page: 0x00000210a3910000

Metaspace:

Usage:
  Non-class:      8.88 MB used.
      Class:      1.31 MB used.
       Both:     10.18 MB used.

Virtual space:
  Non-class space:       64.00 MB reserved,       9.00 MB ( 14%) committed,  1 nodes.
      Class space:        1.00 GB reserved,       1.38 MB ( <1%) committed,  1 nodes.
             Both:        1.06 GB reserved,      10.38 MB ( <1%) committed. 

Chunk freelists:
   Non-Class:  6.26 MB
       Class:  14.45 MB
        Both:  20.72 MB

MaxMetaspaceSize: unlimited
CompressedClassSpaceSize: 1.00 GB
Initial GC threshold: 21.00 MB
Current GC threshold: 21.00 MB
CDS: on
MetaspaceReclaimPolicy: balanced
 - commit_granule_bytes: 65536.
 - commit_granule_words: 8192.
 - virtual_space_node_default_size: 8388608.
 - enlarge_chunks_in_place: 1.
 - new_chunks_are_fully_committed: 0.
 - uncommit_free_chunks: 1.
 - use_allocation_guard: 0.
 - handle_deallocations: 1.


Internal statistics:

num_allocs_failed_limit: 0.
num_arena_births: 84.
num_arena_deaths: 0.
num_vsnodes_births: 2.
num_vsnodes_deaths: 0.
num_space_committed: 166.
num_space_uncommitted: 0.
num_chunks_returned_to_freelist: 0.
num_chunks_taken_from_freelist: 356.
num_chunk_merges: 0.
num_chunk_splits: 239.
num_chunks_enlarged: 201.
num_inconsistent_stats: 0.

CodeHeap 'non-profiled nmethods': size=120000Kb used=839Kb max_used=839Kb free=119160Kb
 bounds [0x00000210b3780000, 0x00000210b39f0000, 0x00000210bacb0000]
CodeHeap 'profiled nmethods': size=120000Kb used=3887Kb max_used=3887Kb free=116112Kb
 bounds [0x00000210abcb0000, 0x00000210ac080000, 0x00000210b31e0000]
CodeHeap 'non-nmethods': size=5760Kb used=1180Kb max_used=1205Kb free=4579Kb
 bounds [0x00000210b31e0000, 0x00000210b3450000, 0x00000210b3780000]
 total_blobs=2521 nmethods=2042 adapters=392
 compilation: enabled
              stopped_count=0, restarted_count=0
 full_count=0

Compilation events (20 events):
Event: 288.762 Thread 0x00000210bd336460 nmethod 2035 0x00000210ac077c90 code [0x00000210ac077ee0, 0x00000210ac078568]
Event: 293.763 Thread 0x00000210bd336460 2036       3       org.gradle.internal.logging.console.DefaultColorMap$CompositeColor::on (40 bytes)
Event: 293.766 Thread 0x00000210bd336460 nmethod 2036 0x00000210ac078810 code [0x00000210ac078a00, 0x00000210ac078ff8]
Event: 293.766 Thread 0x00000210bd336460 2038       3       org.gradle.internal.logging.console.DefaultColorMap$CompositeColor::off (43 bytes)
Event: 293.766 Thread 0x00000210bd336460 nmethod 2038 0x00000210ac079190 code [0x00000210ac0793a0, 0x00000210ac0799a8]
Event: 293.766 Thread 0x00000210bd336460 2039   !   3       java.io.PrintStream::write (69 bytes)
Event: 293.772 Thread 0x00000210bd336460 nmethod 2039 0x00000210ac079b90 code [0x00000210ac079da0, 0x00000210ac07a478]
Event: 293.772 Thread 0x00000210bd336460 2037       3       org.gradle.internal.logging.console.DefaultColorMap$ForegroundColor::on (10 bytes)
Event: 293.774 Thread 0x00000210bd336460 nmethod 2037 0x00000210ac07a790 code [0x00000210ac07a980, 0x00000210ac07afb8]
Event: 301.563 Thread 0x00000210a420e6c0 2040       4       java.lang.AbstractStringBuilder::append (60 bytes)
Event: 301.591 Thread 0x00000210a420e6c0 nmethod 2040 0x00000210b384ae90 code [0x00000210b384b040, 0x00000210b384b898]
Event: 302.787 Thread 0x00000210a420e6c0 2041       4       org.fusesource.jansi.Ansi::flushAttributes (94 bytes)
Event: 302.933 Thread 0x00000210a420e6c0 nmethod 2041 0x00000210b384bd10 code [0x00000210b384bfa0, 0x00000210b384ee38]
Event: 307.767 Thread 0x00000210a420e6c0 2042       4       java.util.ArrayDeque$DeqIterator::hasNext (13 bytes)
Event: 307.769 Thread 0x00000210a420e6c0 nmethod 2042 0x00000210b3850490 code [0x00000210b3850600, 0x00000210b3850698]
Event: 314.054 Thread 0x00000210a420e6c0 2043       4       java.util.AbstractList::equals (117 bytes)
Event: 314.118 Thread 0x00000210a420e6c0 nmethod 2043 0x00000210b3850790 code [0x00000210b38509e0, 0x00000210b3851438]
Event: 322.738 Thread 0x00000210bd336460 2044       3       com.google.common.collect.Iterators::forArrayWithPosition (26 bytes)
Event: 322.748 Thread 0x00000210bd336460 nmethod 2044 0x00000210ac07b290 code [0x00000210ac07b4a0, 0x00000210ac07ba98]
Event: 334.902 Thread 0x00000210a420e6c0 2045       4       org.gradle.internal.logging.sink.GroupingProgressLogEventGenerator::onUpdateNow (54 bytes)

GC Heap History (6 events):
Event: 1.941 GC heap before
{Heap before GC invocations=0 (full 0):
 garbage-first heap   total 65536K, used 12288K [0x00000000fc000000, 0x0000000100000000)
  region size 1024K, 13 young (13312K), 0 survivors (0K)
 Metaspace       used 1672K, committed 1792K, reserved 1114112K
  class space    used 158K, committed 192K, reserved 1048576K
}
Event: 1.951 GC heap after
{Heap after GC invocations=1 (full 0):
 garbage-first heap   total 65536K, used 1472K [0x00000000fc000000, 0x0000000100000000)
  region size 1024K, 2 young (2048K), 2 survivors (2048K)
 Metaspace       used 1672K, committed 1792K, reserved 1114112K
  class space    used 158K, committed 192K, reserved 1048576K
}
Event: 3.068 GC heap before
{Heap before GC invocations=1 (full 0):
 garbage-first heap   total 65536K, used 21952K [0x00000000fc000000, 0x0000000100000000)
  region size 1024K, 20 young (20480K), 2 survivors (2048K)
 Metaspace       used 2330K, committed 2496K, reserved 1114112K
  class space    used 228K, committed 320K, reserved 1048576K
}
Event: 3.076 GC heap after
{Heap after GC invocations=2 (full 0):
 garbage-first heap   total 65536K, used 9342K [0x00000000fc000000, 0x0000000100000000)
  region size 1024K, 3 young (3072K), 3 survivors (3072K)
 Metaspace       used 2330K, committed 2496K, reserved 1114112K
  class space    used 228K, committed 320K, reserved 1048576K
}
Event: 269.468 GC heap before
{Heap before GC invocations=2 (full 0):
 garbage-first heap   total 65536K, used 45182K [0x00000000fc000000, 0x0000000100000000)
  region size 1024K, 38 young (38912K), 3 survivors (3072K)
 Metaspace       used 10421K, committed 10624K, reserved 1114112K
  class space    used 1337K, committed 1408K, reserved 1048576K
}
Event: 269.547 GC heap after
{Heap after GC invocations=3 (full 0):
 garbage-first heap   total 65536K, used 12310K [0x00000000fc000000, 0x0000000100000000)
  region size 1024K, 5 young (5120K), 5 survivors (5120K)
 Metaspace       used 10421K, committed 10624K, reserved 1114112K
  class space    used 1337K, committed 1408K, reserved 1048576K
}

Dll operation events (13 events):
Event: 0.052 Loaded shared library C:\Program Files\Microsoft\jdk-17.0.16.8-hotspot\bin\java.dll
Event: 0.175 Loaded shared library C:\Program Files\Microsoft\jdk-17.0.16.8-hotspot\bin\jsvml.dll
Event: 0.267 Loaded shared library C:\Program Files\Microsoft\jdk-17.0.16.8-hotspot\bin\net.dll
Event: 0.273 Loaded shared library C:\Program Files\Microsoft\jdk-17.0.16.8-hotspot\bin\nio.dll
Event: 0.281 Loaded shared library C:\Program Files\Microsoft\jdk-17.0.16.8-hotspot\bin\zip.dll
Event: 2.312 Loaded shared library C:\Program Files\Microsoft\jdk-17.0.16.8-hotspot\bin\jimage.dll
Event: 3.535 Loaded shared library C:\Program Files\Microsoft\jdk-17.0.16.8-hotspot\bin\management.dll
Event: 3.556 Loaded shared library C:\Program Files\Microsoft\jdk-17.0.16.8-hotspot\bin\management_ext.dll
Event: 3.705 Loaded shared library C:\Program Files\Microsoft\jdk-17.0.16.8-hotspot\bin\verify.dll
Event: 3.733 Loaded shared library C:\Users\DELL\.gradle\native\1def1411415f61bf3af743bc5b6707747c0891f09f0c88961ee8f79bc544acac\windows-amd64\native-platform.dll
Event: 3.893 Loaded shared library C:\Users\DELL\.gradle\native\jansi\1.18\windows64\jansi.dll
Event: 4.428 Loaded shared library C:\Program Files\Microsoft\jdk-17.0.16.8-hotspot\bin\extnet.dll
Event: 11.656 Loaded shared library C:\Program Files\Microsoft\jdk-17.0.16.8-hotspot\bin\sunmscapi.dll

Deoptimization events (20 events):
Event: 5.180 Thread 0x00000210a4205430 Uncommon trap: trap_request=0xffffff45 fr.pc=0x00000210b37c8e0c relative=0x00000000000004cc
Event: 5.180 Thread 0x00000210a4205430 Uncommon trap: reason=unstable_if action=reinterpret pc=0x00000210b37c8e0c method=java.lang.AbstractStringBuilder.putStringAt(ILjava/lang/String;II)V @ 8 c2
Event: 5.180 Thread 0x00000210a4205430 DEOPT PACKING pc=0x00000210b37c8e0c sp=0x000000846bbfeb10
Event: 5.180 Thread 0x00000210a4205430 DEOPT UNPACKING pc=0x00000210b32369a3 sp=0x000000846bbfe998 mode 2
Event: 5.180 Thread 0x00000210a4205430 Uncommon trap: trap_request=0xffffff45 fr.pc=0x00000210b37ce000 relative=0x00000000000004c0
Event: 5.180 Thread 0x00000210a4205430 Uncommon trap: reason=unstable_if action=reinterpret pc=0x00000210b37ce000 method=java.lang.AbstractStringBuilder.putStringAt(ILjava/lang/String;II)V @ 8 c2
Event: 5.180 Thread 0x00000210a4205430 DEOPT PACKING pc=0x00000210b37ce000 sp=0x000000846bbfeaa0
Event: 5.180 Thread 0x00000210a4205430 DEOPT UNPACKING pc=0x00000210b32369a3 sp=0x000000846bbfe990 mode 2
Event: 5.180 Thread 0x00000210a4205430 Uncommon trap: trap_request=0xffffff45 fr.pc=0x00000210b380ccdc relative=0x00000000000003bc
Event: 5.180 Thread 0x00000210a4205430 Uncommon trap: reason=unstable_if action=reinterpret pc=0x00000210b380ccdc method=java.lang.AbstractStringBuilder.isLatin1()Z @ 10 c2
Event: 5.180 Thread 0x00000210a4205430 DEOPT PACKING pc=0x00000210b380ccdc sp=0x000000846bbfeb20
Event: 5.180 Thread 0x00000210a4205430 DEOPT UNPACKING pc=0x00000210b32369a3 sp=0x000000846bbfeaa0 mode 2
Event: 11.503 Thread 0x00000210a4205430 Uncommon trap: trap_request=0xffffff45 fr.pc=0x00000210b378fda0 relative=0x0000000000000080
Event: 11.503 Thread 0x00000210a4205430 Uncommon trap: reason=unstable_if action=reinterpret pc=0x00000210b378fda0 method=java.lang.String.codePointAt(I)I @ 4 c2
Event: 11.503 Thread 0x00000210a4205430 DEOPT PACKING pc=0x00000210b378fda0 sp=0x000000846bbfea90
Event: 11.503 Thread 0x00000210a4205430 DEOPT UNPACKING pc=0x00000210b32369a3 sp=0x000000846bbfea28 mode 2
Event: 11.507 Thread 0x00000210a4205430 Uncommon trap: trap_request=0xffffffde fr.pc=0x00000210b37fcc44 relative=0x0000000000000e24
Event: 11.507 Thread 0x00000210a4205430 Uncommon trap: reason=class_check action=maybe_recompile pc=0x00000210b37fcc44 method=java.util.concurrent.ConcurrentHashMap.putVal(Ljava/lang/Object;Ljava/lang/Object;Z)Ljava/lang/Object; @ 242 c2
Event: 11.507 Thread 0x00000210a4205430 DEOPT PACKING pc=0x00000210b37fcc44 sp=0x000000846bbfe0f0
Event: 11.507 Thread 0x00000210a4205430 DEOPT UNPACKING pc=0x00000210b32369a3 sp=0x000000846bbfe060 mode 2

Classes loaded (20 events):
Event: 114.302 Loading class jdk/internal/logger/LazyLoggers$LazyLoggerFactories
Event: 114.303 Loading class jdk/internal/logger/LazyLoggers$LazyLoggerFactories done
Event: 114.312 Loading class jdk/internal/logger/LoggerFinderLoader
Event: 114.313 Loading class jdk/internal/logger/LoggerFinderLoader done
Event: 114.323 Loading class jdk/internal/logger/LoggerFinderLoader$TemporaryLoggerFinder
Event: 114.323 Loading class jdk/internal/logger/LoggerFinderLoader$TemporaryLoggerFinder done
Event: 114.328 Loading class sun/util/logging/internal/LoggingProviderImpl$JULWrapper
Event: 114.328 Loading class sun/util/logging/PlatformLogger$ConfigurableBridge$LoggerConfiguration
Event: 114.329 Loading class sun/util/logging/PlatformLogger$ConfigurableBridge$LoggerConfiguration done
Event: 114.329 Loading class sun/util/logging/internal/LoggingProviderImpl$JULWrapper done
Event: 114.330 Loading class java/io/ObjectInputFilter
Event: 114.331 Loading class java/io/ObjectInputFilter done
Event: 114.332 Loading class java/io/ObjectInputFilter$Config$BuiltinFilterFactory
Event: 114.333 Loading class java/io/ObjectInputFilter$Config$BuiltinFilterFactory done
Event: 114.333 Loading class jdk/internal/access/JavaObjectInputFilterAccess
Event: 114.333 Loading class jdk/internal/access/JavaObjectInputFilterAccess done
Event: 114.336 Loading class java/lang/System$Logger$Level
Event: 114.336 Loading class java/lang/System$Logger$Level done
Event: 114.337 Loading class java/io/Bits
Event: 114.337 Loading class java/io/Bits done

Classes unloaded (0 events):
No events

Classes redefined (0 events):
No events

Internal exceptions (20 events):
Event: 3.528 Thread 0x00000210a201dc40 Exception <a 'java/lang/NoSuchMethodError'{0x00000000ff952058}: 'java.lang.Object java.lang.invoke.DirectMethodHandle$Holder.invokeStaticInit(java.lang.Object)'> (0x00000000ff952058) 
thrown [s\src\hotspot\share\interpreter\linkResolver.cpp, line 759]
Event: 3.582 Thread 0x00000210a201dc40 Exception <a 'java/lang/NoSuchMethodError'{0x00000000ff96cd48}: 'int java.lang.invoke.DirectMethodHandle$Holder.invokeSpecial(java.lang.Object, java.lang.Object, java.lang.Object)'> (0x00000000ff96cd48) 
thrown [s\src\hotspot\share\interpreter\linkResolver.cpp, line 759]
Event: 3.628 Thread 0x00000210a201dc40 Exception <a 'java/lang/NoSuchMethodError'{0x00000000ff9ab348}: 'void java.lang.invoke.DirectMethodHandle$Holder.invokeStatic(java.lang.Object, java.lang.Object)'> (0x00000000ff9ab348) 
thrown [s\src\hotspot\share\interpreter\linkResolver.cpp, line 759]
Event: 3.631 Thread 0x00000210a201dc40 Implicit null exception at 0x00000210b37e520a to 0x00000210b37e5708
Event: 3.759 Thread 0x00000210a201dc40 Exception <a 'java/lang/NoSuchMethodError'{0x00000000ff758430}: 'java.lang.Object java.lang.invoke.Invokers$Holder.invoker(java.lang.Object, java.lang.Object, java.lang.Object)'> (0x00000000ff758430) 
thrown [s\src\hotspot\share\interpreter\linkResolver.cpp, line 759]
Event: 3.763 Thread 0x00000210a201dc40 Exception <a 'java/lang/NoSuchMethodError'{0x00000000ff761588}: 'java.lang.Object java.lang.invoke.DirectMethodHandle$Holder.invokeStatic(java.lang.Object, java.lang.Object, int)'> (0x00000000ff761588) 
thrown [s\src\hotspot\share\interpreter\linkResolver.cpp, line 759]
Event: 3.766 Thread 0x00000210a201dc40 Exception <a 'java/lang/NoSuchMethodError'{0x00000000ff76d278}: 'void java.lang.invoke.DelegatingMethodHandle$Holder.delegate(java.lang.Object, java.lang.Object, int, java.lang.Object)'> (0x00000000ff76d278) 
thrown [s\src\hotspot\share\interpreter\linkResolver.cpp, line 759]
Event: 3.773 Thread 0x00000210a201dc40 Exception <a 'java/lang/NoSuchMethodError'{0x00000000ff780b10}: 'java.lang.Object java.lang.invoke.Invokers$Holder.invokeExact_MT(java.lang.Object, java.lang.Object, java.lang.Object, java.lang.Object)'> (0x00000000ff780b10) 
thrown [s\src\hotspot\share\interpreter\linkResolver.cpp, line 759]
Event: 3.781 Thread 0x00000210a201dc40 Exception <a 'java/lang/NoSuchMethodError'{0x00000000ff7a7290}: 'java.lang.Object java.lang.invoke.DirectMethodHandle$Holder.invokeVirtual(java.lang.Object, java.lang.Object, java.lang.Object)'> (0x00000000ff7a7290) 
thrown [s\src\hotspot\share\interpreter\linkResolver.cpp, line 759]
Event: 4.048 Thread 0x00000210a201dc40 Exception <a 'java/lang/NoSuchMethodError'{0x00000000ff3a5698}: 'java.lang.Object java.lang.invoke.DirectMethodHandle$Holder.newInvokeSpecial(java.lang.Object, java.lang.Object, java.lang.Object, java.lang.Object, java.lang.Object)'> (0x00000000ff3a5698) 
thrown [s\src\hotspot\share\interpreter\linkResolver.cpp, line 759]
Event: 4.130 Thread 0x00000210a201dc40 Exception <a 'java/lang/NoSuchMethodError'{0x00000000ff13a450}: 'void java.lang.invoke.DirectMethodHandle$Holder.invokeSpecial(java.lang.Object, java.lang.Object, java.lang.Object)'> (0x00000000ff13a450) 
thrown [s\src\hotspot\share\interpreter\linkResolver.cpp, line 759]
Event: 4.135 Thread 0x00000210a201dc40 Implicit null exception at 0x00000210b37cd08f to 0x00000210b37cd598
Event: 4.433 Thread 0x00000210a201dc40 Exception <a 'java/lang/NoSuchMethodError'{0x00000000fef54068}: 'void java.lang.invoke.DirectMethodHandle$Holder.invokeStatic(java.lang.Object, java.lang.Object, java.lang.Object)'> (0x00000000fef54068) 
thrown [s\src\hotspot\share\interpreter\linkResolver.cpp, line 759]
Event: 4.637 Thread 0x00000210a201dc40 Exception <a 'java/lang/NoSuchMethodError'{0x00000000fe73ab40}: 'java.lang.Object java.lang.invoke.DirectMethodHandle$Holder.invokeStaticInit(java.lang.Object, int, int, int, int)'> (0x00000000fe73ab40) 
thrown [s\src\hotspot\share\interpreter\linkResolver.cpp, line 759]
Event: 4.714 Thread 0x00000210a201dc40 Exception <a 'java/lang/NoSuchMethodError'{0x00000000fe777778}: 'java.lang.Object java.lang.invoke.DirectMethodHandle$Holder.invokeStaticInit(java.lang.Object, java.lang.Object, int, int, int, int)'> (0x00000000fe777778) 
thrown [s\src\hotspot\share\interpreter\linkResolver.cpp, line 759]
Event: 5.137 Thread 0x00000210a4205430 Exception <a 'java/lang/NoSuchMethodError'{0x00000000fe0912c8}: 'void java.lang.invoke.DirectMethodHandle$Holder.invokeStatic(java.lang.Object, long)'> (0x00000000fe0912c8) 
thrown [s\src\hotspot\share\interpreter\linkResolver.cpp, line 759]
Event: 5.138 Thread 0x00000210a4205430 Exception <a 'java/lang/NoSuchMethodError'{0x00000000fe096c20}: 'java.lang.Object java.lang.invoke.DirectMethodHandle$Holder.newInvokeSpecial(java.lang.Object, long)'> (0x00000000fe096c20) 
thrown [s\src\hotspot\share\interpreter\linkResolver.cpp, line 759]
Event: 5.142 Thread 0x00000210a4205430 Exception <a 'java/lang/NoSuchMethodError'{0x00000000fe0a17b8}: 'java.lang.Object java.lang.invoke.DirectMethodHandle$Holder.invokeStaticInit(java.lang.Object, java.lang.Object, long, java.lang.Object)'> (0x00000000fe0a17b8) 
thrown [s\src\hotspot\share\interpreter\linkResolver.cpp, line 759]
Event: 5.143 Thread 0x00000210a4205430 Exception <a 'java/lang/NoSuchMethodError'{0x00000000fe0a7e40}: 'java.lang.Object java.lang.invoke.DirectMethodHandle$Holder.newInvokeSpecial(java.lang.Object, java.lang.Object, long)'> (0x00000000fe0a7e40) 
thrown [s\src\hotspot\share\interpreter\linkResolver.cpp, line 759]
Event: 5.144 Thread 0x00000210a4205430 Exception <a 'java/lang/NoSuchMethodError'{0x00000000fe0ac130}: 'java.lang.Object java.lang.invoke.Invokers$Holder.linkToTargetMethod(java.lang.Object, long, java.lang.Object)'> (0x00000000fe0ac130) 
thrown [s\src\hotspot\share\interpreter\linkResolver.cpp, line 759]

VM Operations (20 events):
Event: 170.639 Executing VM operation: Cleanup
Event: 170.639 Executing VM operation: Cleanup done
Event: 194.802 Executing VM operation: Cleanup
Event: 194.802 Executing VM operation: Cleanup done
Event: 195.817 Executing VM operation: Cleanup
Event: 195.817 Executing VM operation: Cleanup done
Event: 246.133 Executing VM operation: Cleanup
Event: 246.133 Executing VM operation: Cleanup done
Event: 269.465 Executing VM operation: G1CollectForAllocation
Event: 269.547 Executing VM operation: G1CollectForAllocation done
Event: 271.573 Executing VM operation: Cleanup
Event: 271.573 Executing VM operation: Cleanup done
Event: 272.573 Executing VM operation: Cleanup
Event: 272.573 Executing VM operation: Cleanup done
Event: 280.633 Executing VM operation: Cleanup
Event: 280.633 Executing VM operation: Cleanup done
Event: 295.731 Executing VM operation: Cleanup
Event: 295.734 Executing VM operation: Cleanup done
Event: 308.829 Executing VM operation: Cleanup
Event: 308.829 Executing VM operation: Cleanup done

Memory protections (0 events):
No events

Nmethod flushes (0 events):
No events

Events (20 events):
Event: 0.216 Thread 0x00000210a201dc40 Thread added: 0x00000210a4205e50
Event: 0.216 Thread 0x00000210a201dc40 Thread added: 0x00000210a4204500
Event: 0.216 Thread 0x00000210a201dc40 Thread added: 0x00000210a420e6c0
Event: 0.216 Thread 0x00000210a201dc40 Thread added: 0x00000210bd336460
Event: 0.217 Thread 0x00000210a201dc40 Thread added: 0x00000210a4206870
Event: 0.255 Thread 0x00000210a201dc40 Thread added: 0x00000210a4207290
Event: 0.258 Thread 0x00000210a201dc40 Thread added: 0x00000210a4204a10
Event: 2.315 Thread 0x00000210bd336460 Thread added: 0x00000210bd54e5e0
Event: 2.536 Thread 0x00000210bd54e5e0 Thread exited: 0x00000210bd54e5e0
Event: 3.089 Thread 0x00000210bd336460 Thread added: 0x00000210bdee4060
Event: 3.477 Thread 0x00000210bdee4060 Thread exited: 0x00000210bdee4060
Event: 3.953 Thread 0x00000210a201dc40 Thread added: 0x00000210a4204f20
Event: 4.006 Thread 0x00000210bd336460 Thread added: 0x00000210ff40e030
Event: 4.414 Thread 0x00000210ff40e030 Thread exited: 0x00000210ff40e030
Event: 5.119 Thread 0x00000210a201dc40 Thread added: 0x00000210a4205430
Event: 5.147 Thread 0x00000210a4205430 Thread added: 0x00000210a4205940
Event: 5.149 Thread 0x00000210a4205430 Thread added: 0x00000210a4206d80
Event: 5.153 Thread 0x00000210a4205940 Thread exited: 0x00000210a4205940
Event: 11.508 Thread 0x00000210a4205430 Thread exited: 0x00000210a4205430
Event: 11.508 Thread 0x00000210a4206d80 Thread exited: 0x00000210a4206d80


Dynamic libraries:
0x00007ff6a51d0000 - 0x00007ff6a51de000 	C:\Program Files\Microsoft\jdk-17.0.16.8-hotspot\bin\java.exe
0x00007ffca4090000 - 0x00007ffca4288000 	C:\WINDOWS\SYSTEM32\ntdll.dll
0x00007ffca3e30000 - 0x00007ffca3ef2000 	C:\WINDOWS\System32\KERNEL32.DLL
0x00007ffca19e0000 - 0x00007ffca1cd6000 	C:\WINDOWS\System32\KERNELBASE.dll
0x00007ffca1f00000 - 0x00007ffca2000000 	C:\WINDOWS\System32\ucrtbase.dll
0x00007ffc8d0e0000 - 0x00007ffc8d0f8000 	C:\Program Files\Microsoft\jdk-17.0.16.8-hotspot\bin\jli.dll
0x00007ffc8ca90000 - 0x00007ffc8caae000 	C:\Program Files\Microsoft\jdk-17.0.16.8-hotspot\bin\VCRUNTIME140.dll
0x00007ffca36c0000 - 0x00007ffca3861000 	C:\WINDOWS\System32\USER32.dll
0x00007ffca1890000 - 0x00007ffca18b2000 	C:\WINDOWS\System32\win32u.dll
0x00007ffca2500000 - 0x00007ffca252b000 	C:\WINDOWS\System32\GDI32.dll
0x00007ffca18c0000 - 0x00007ffca19d9000 	C:\WINDOWS\System32\gdi32full.dll
0x00007ffca1720000 - 0x00007ffca17bd000 	C:\WINDOWS\System32\msvcp_win.dll
0x00007ffca0bd0000 - 0x00007ffca0e6b000 	C:\WINDOWS\WinSxS\amd64_microsoft.windows.common-controls_6595b64144ccf1df_6.0.19041.6456_none_60b8a6cb71f64256\COMCTL32.dll
0x00007ffca2120000 - 0x00007ffca21be000 	C:\WINDOWS\System32\msvcrt.dll
0x00007ffca3f00000 - 0x00007ffca3f2f000 	C:\WINDOWS\System32\IMM32.DLL
0x00007ffc953d0000 - 0x00007ffc953dc000 	C:\Program Files\Microsoft\jdk-17.0.16.8-hotspot\bin\vcruntime140_1.dll
0x00007ffc80b00000 - 0x00007ffc80b89000 	C:\Program Files\Microsoft\jdk-17.0.16.8-hotspot\bin\msvcp140.dll
0x00007ffc66ef0000 - 0x00007ffc67b6a000 	C:\Program Files\Microsoft\jdk-17.0.16.8-hotspot\bin\server\jvm.dll
0x00007ffca3390000 - 0x00007ffca3441000 	C:\WINDOWS\System32\ADVAPI32.dll
0x00007ffca2270000 - 0x00007ffca230f000 	C:\WINDOWS\System32\sechost.dll
0x00007ffca2890000 - 0x00007ffca29b0000 	C:\WINDOWS\System32\RPCRT4.dll
0x00007ffca1ed0000 - 0x00007ffca1ef7000 	C:\WINDOWS\System32\bcrypt.dll
0x00007ffca20b0000 - 0x00007ffca211b000 	C:\WINDOWS\System32\WS2_32.dll
0x00007ffca1310000 - 0x00007ffca135b000 	C:\WINDOWS\SYSTEM32\POWRPROF.dll
0x00007ffc880e0000 - 0x00007ffc88107000 	C:\WINDOWS\SYSTEM32\WINMM.dll
0x00007ffc93c60000 - 0x00007ffc93c6a000 	C:\WINDOWS\SYSTEM32\VERSION.dll
0x00007ffca1020000 - 0x00007ffca1032000 	C:\WINDOWS\SYSTEM32\UMPDC.dll
0x00007ffc9f850000 - 0x00007ffc9f862000 	C:\WINDOWS\SYSTEM32\kernel.appcore.dll
0x00007ffc94d70000 - 0x00007ffc94d7a000 	C:\Program Files\Microsoft\jdk-17.0.16.8-hotspot\bin\jimage.dll
0x00007ffca1080000 - 0x00007ffca1281000 	C:\WINDOWS\SYSTEM32\DBGHELP.DLL
0x00007ffca1040000 - 0x00007ffca1074000 	C:\WINDOWS\SYSTEM32\dbgcore.DLL
0x00007ffca1e40000 - 0x00007ffca1ec2000 	C:\WINDOWS\System32\bcryptPrimitives.dll
0x00007ffc8ca60000 - 0x00007ffc8ca86000 	C:\Program Files\Microsoft\jdk-17.0.16.8-hotspot\bin\java.dll
0x00007ffc78720000 - 0x00007ffc787f6000 	C:\Program Files\Microsoft\jdk-17.0.16.8-hotspot\bin\jsvml.dll
0x00007ffca2b60000 - 0x00007ffca32d0000 	C:\WINDOWS\System32\SHELL32.dll
0x00007ffc9f060000 - 0x00007ffc9f805000 	C:\WINDOWS\SYSTEM32\windows.storage.dll
0x00007ffca2530000 - 0x00007ffca2884000 	C:\WINDOWS\System32\combase.dll
0x00007ffca09b0000 - 0x00007ffca09db000 	C:\WINDOWS\SYSTEM32\Wldp.dll
0x00007ffca23a0000 - 0x00007ffca246d000 	C:\WINDOWS\System32\OLEAUT32.dll
0x00007ffca32d0000 - 0x00007ffca337d000 	C:\WINDOWS\System32\SHCORE.dll
0x00007ffca2af0000 - 0x00007ffca2b4b000 	C:\WINDOWS\System32\shlwapi.dll
0x00007ffca1650000 - 0x00007ffca1674000 	C:\WINDOWS\SYSTEM32\profapi.dll
0x00007ffc8c2a0000 - 0x00007ffc8c2bb000 	C:\Program Files\Microsoft\jdk-17.0.16.8-hotspot\bin\net.dll
0x00007ffc95680000 - 0x00007ffc9578a000 	C:\WINDOWS\SYSTEM32\WINHTTP.dll
0x00007ffca0720000 - 0x00007ffca078a000 	C:\WINDOWS\system32\mswsock.dll
0x00007ffc8b920000 - 0x00007ffc8b936000 	C:\Program Files\Microsoft\jdk-17.0.16.8-hotspot\bin\nio.dll
0x00007ffc8b900000 - 0x00007ffc8b918000 	C:\Program Files\Microsoft\jdk-17.0.16.8-hotspot\bin\zip.dll
0x00007ffc94c70000 - 0x00007ffc94c7a000 	C:\Program Files\Microsoft\jdk-17.0.16.8-hotspot\bin\management.dll
0x00007ffc94180000 - 0x00007ffc9418c000 	C:\Program Files\Microsoft\jdk-17.0.16.8-hotspot\bin\management_ext.dll
0x00007ffca3380000 - 0x00007ffca3388000 	C:\WINDOWS\System32\PSAPI.DLL
0x00007ffc94110000 - 0x00007ffc94120000 	C:\Program Files\Microsoft\jdk-17.0.16.8-hotspot\bin\verify.dll
0x00007ffc8b320000 - 0x00007ffc8b347000 	C:\Users\DELL\.gradle\native\1def1411415f61bf3af743bc5b6707747c0891f09f0c88961ee8f79bc544acac\windows-amd64\native-platform.dll
0x00007ffc939b0000 - 0x00007ffc939ba000 	C:\Users\DELL\.gradle\native\jansi\1.18\windows64\jansi.dll
0x00007ffca0420000 - 0x00007ffca045b000 	C:\WINDOWS\SYSTEM32\IPHLPAPI.DLL
0x00007ffca24f0000 - 0x00007ffca24f8000 	C:\WINDOWS\System32\NSI.dll
0x00007ffc95a90000 - 0x00007ffc95aa7000 	C:\WINDOWS\SYSTEM32\dhcpcsvc6.DLL
0x00007ffc97ed0000 - 0x00007ffc97eed000 	C:\WINDOWS\SYSTEM32\dhcpcsvc.DLL
0x00007ffca0460000 - 0x00007ffca052a000 	C:\WINDOWS\SYSTEM32\DNSAPI.dll
0x00007ffc93950000 - 0x00007ffc93959000 	C:\Program Files\Microsoft\jdk-17.0.16.8-hotspot\bin\extnet.dll
0x00007ffca1490000 - 0x00007ffca14a8000 	C:\WINDOWS\SYSTEM32\CRYPTSP.dll
0x00007ffca00c0000 - 0x00007ffca00f8000 	C:\WINDOWS\system32\rsaenh.dll
0x00007ffca1610000 - 0x00007ffca163e000 	C:\WINDOWS\SYSTEM32\USERENV.dll
0x00007ffca0980000 - 0x00007ffca098c000 	C:\WINDOWS\SYSTEM32\CRYPTBASE.dll
0x00007ffc931a0000 - 0x00007ffc931ae000 	C:\Program Files\Microsoft\jdk-17.0.16.8-hotspot\bin\sunmscapi.dll
0x00007ffca1ce0000 - 0x00007ffca1e3d000 	C:\WINDOWS\System32\CRYPT32.dll
0x00007ffca0950000 - 0x00007ffca0977000 	C:\WINDOWS\SYSTEM32\ncrypt.dll
0x00007ffca0910000 - 0x00007ffca094b000 	C:\WINDOWS\SYSTEM32\NTASN1.dll
0x00007ffc93100000 - 0x00007ffc93107000 	C:\WINDOWS\system32\wshunix.dll

dbghelp: loaded successfully - version: 4.0.5 - missing functions: none
symbol engine: initialized successfully - sym options: 0x614 - pdb path: .;C:\Program Files\Microsoft\jdk-17.0.16.8-hotspot\bin;C:\WINDOWS\SYSTEM32;C:\WINDOWS\WinSxS\amd64_microsoft.windows.common-controls_6595b64144ccf1df_6.0.19041.6456_none_60b8a6cb71f64256;C:\Program Files\Microsoft\jdk-17.0.16.8-hotspot\bin\server;C:\Users\DELL\.gradle\native\1def1411415f61bf3af743bc5b6707747c0891f09f0c88961ee8f79bc544acac\windows-amd64;C:\Users\DELL\.gradle\native\jansi\1.18\windows64

VM Arguments:
jvm_args: -Xmx64m -Xms64m -Dorg.gradle.appname=gradlew 
java_command: E:\The Last Hope ERS\THELASTHOPE_ERS\android\\gradle\wrapper\gradle-wrapper.jar app:installDebug -PreactNativeDevServerPort=8081
java_class_path (initial): E:\The Last Hope ERS\THELASTHOPE_ERS\android\\gradle\wrapper\gradle-wrapper.jar
Launcher Type: SUN_STANDARD

[Global flags]
     intx CICompilerCount                          = 3                                         {product} {ergonomic}
     uint ConcGCThreads                            = 1                                         {product} {ergonomic}
     uint G1ConcRefinementThreads                  = 4                                         {product} {ergonomic}
   size_t G1HeapRegionSize                         = 1048576                                   {product} {ergonomic}
    uintx GCDrainStackTargetSize                   = 64                                        {product} {ergonomic}
   size_t InitialHeapSize                          = 67108864                                  {product} {command line}
   size_t MarkStackSize                            = 4194304                                   {product} {ergonomic}
   size_t MaxHeapSize                              = 67108864                                  {product} {command line}
   size_t MaxNewSize                               = 39845888                                  {product} {ergonomic}
   size_t MinHeapDeltaBytes                        = 1048576                                   {product} {ergonomic}
   size_t MinHeapSize                              = 67108864                                  {product} {command line}
    uintx NonNMethodCodeHeapSize                   = 5832780                                {pd product} {ergonomic}
    uintx NonProfiledCodeHeapSize                  = 122912730                              {pd product} {ergonomic}
    uintx ProfiledCodeHeapSize                     = 122912730                              {pd product} {ergonomic}
    uintx ReservedCodeCacheSize                    = 251658240                              {pd product} {ergonomic}
     bool SegmentedCodeCache                       = true                                      {product} {ergonomic}
   size_t SoftMaxHeapSize                          = 67108864                               {manageable} {ergonomic}
     bool UseCompressedClassPointers               = true                           {product lp64_product} {ergonomic}
     bool UseCompressedOops                        = true                           {product lp64_product} {ergonomic}
     bool UseG1GC                                  = true                                      {product} {ergonomic}
     bool UseLargePagesIndividualAllocation        = false                                  {pd product} {ergonomic}

Logging:
Log output configuration:
 #0: stdout all=warning uptime,level,tags
 #1: stderr all=off uptime,level,tags

Environment Variables:
JAVA_HOME=C:\Program Files\Microsoft\jdk-17.0.16.8-hotspot
PATH=E:\The Last Hope ERS\THELASTHOPE_ERS\node_modules\.bin;E:\The Last Hope ERS\node_modules\.bin;E:\node_modules\.bin;C:\Program Files\nodejs\node_modules\npm\node_modules\@npmcli\run-script\lib\node-gyp-bin;C:\Program Files\Microsoft\jdk-17.0.16.8-hotspot\bin;C:\Program Files\Python312\Scripts\;C:\Program Files\Python312\;C:\Windows\system32;C:\Windows;C:\Windows\System32\Wbem;C:\Windows\System32\WindowsPowerShell\v1.0\;C:\Program Files\Microsoft SQL Server\150\Tools\Binn\;C:\Program Files\Microsoft SQL Server\Client SDK\ODBC\170\Tools\Binn\;C:\Program Files\dotnet\;C:\Users\DELL\.dnx\bin;C:\Program Files\Microsoft DNX\Dnvm\;C:\WINDOWS\system32;C:\WINDOWS;C:\WINDOWS\System32\Wbem;C:\WINDOWS\System32\WindowsPowerShell\v1.0\;C:\WINDOWS\System32\OpenSSH\;C:\Program Files\Microsoft SQL Server\130\Tools\Binn\;C:\Program Files\Git\cmd;C:\Program Files (x86)\Microsoft SQL Server\160\Tools\Binn\;C:\Program Files\Microsoft SQL Server\160\Tools\Binn\;C:\Program Files\Microsoft SQL Server\160\DTS\Binn\;C:\Program Files (x86)\Microsoft SQL Server\160\DTS\Binn\;C:\Program Files\Azure Data Studio\bin;c:\Users\DELL\AppData\Local\Programs\cursor\resources\app\bin;C:\ProgramData\chocolatey\bin;C:\Program Files\nodejs\;D:\Maalik\Andriod\Sdk\platforms;D:\Maalik\Andriod\Sdk;D:\Maalik\Andriod\Sdk\platform-tools;D:\Maalik\Andriod\Sdk\build-tools;D:\Maalik\Andriod\Sdk\emulator;C:\Program Files\MongoDB\Server\8.2\bin;C:\Users\DELL\AppData\Local\Microsoft\WindowsApps;C:\Users\DELL\.dotnet\tools;C:\Users\DELL\AppData\Local\Programs\Microsoft VS Code\bin;C:\Program Files\Azure Data Studio\bin;C:\Users\DELL\AppData\Local\Programs\cursor\resources\app\bin;C:\Users\DELL\AppData\Roaming\npm;D:\flutter\bin;D:\Maalik\Andriod\Sdk;D:\Maalik\Andriod\Sdk\platform-tools;D:\Maalik\Andriod\Sdk\emulator;D:\Maalik\Andriod\Sdk\build-tools;D:\Maalik\Andriod\Sdk\platforms;C:\Program Files\Microsoft\jdk-17.0.16.8-hotspot\bin;C:\Program Files\mongosh\
USERNAME=DELL
LANG=en_US.UTF-8
OS=Windows_NT
PROCESSOR_IDENTIFIER=Intel64 Family 6 Model 58 Stepping 9, GenuineIntel
TMP=C:\Users\DELL\AppData\Local\Temp
TEMP=C:\Users\DELL\AppData\Local\Temp



Periodic native trim disabled


---------------  S Y S T E M  ---------------

OS:
 Windows 10 , 64 bit Build 19041 (10.0.19041.5915)
OS uptime: 3 days 22:51 hours
Hyper-V role detected

CPU: total 4 (initial active 4) (2 cores per cpu, 2 threads per core) family 6 model 58 stepping 9 microcode 0x21, cx8, cmov, fxsr, ht, mmx, sse, sse2, sse3, ssse3, sse4.1, sse4.2, popcnt, tsc, tscinvbit, avx, aes, erms, clmul, vzeroupper, clflush, hv
Processor Information for the first 4 processors :
  Max Mhz: 3001, Current Mhz: 2900, Mhz Limit: 2880

Memory: 4k page, system-wide physical 3998M (299M free)
TotalPageFile size 13530M (AvailPageFile size 0M)
current process WorkingSet (physical memory assigned to process): 17M, peak: 101M
current process commit charge ("private bytes"): 159M, peak: 163M

vm_info: OpenJDK 64-Bit Server VM (17.0.16+8-LTS) for windows-amd64 JRE (17.0.16+8-LTS), built on Jul 10 2025 00:24:24 by "MicrosoftCorporation" with unknown MS VC++:1944

END.
